[    0.000000] Linux version 4.15.0-115-generic (buildd@lgw01-amd64-037) (gcc version 7.5.0 (Ubuntu 7.5.0-3ubuntu1~18.04)) #116-Ubuntu SMP Wed Aug 26 14:04:49 UTC 2020 (Ubuntu 4.15.0-115.116-generic 4.15.18)
[    0.000000] Command line: BOOT_IMAGE=/boot/vmlinuz-4.15.0-115-generic root=LABEL=cloudimg-rootfs ro console=tty1 console=ttyS0
[    0.000000] KERNEL supported cpus:
[    0.000000]   Intel GenuineIntel
[    0.000000]   AMD AuthenticAMD
[    0.000000]   Centaur CentaurHauls
[    0.000000] [Firmware Bug]: TSC doesn't count with P0 frequency!
[    0.000000] x86/fpu: Supporting XSAVE feature 0x001: 'x87 floating point registers'
[    0.000000] x86/fpu: Supporting XSAVE feature 0x002: 'SSE registers'
[    0.000000] x86/fpu: Supporting XSAVE feature 0x004: 'AVX registers'
[    0.000000] x86/fpu: xstate_offset[2]:  576, xstate_sizes[2]:  256
[    0.000000] x86/fpu: Enabled xstate features 0x7, context size is 832 bytes, using 'standard' format.
[    0.000000] e820: BIOS-provided physical RAM map:
[    0.000000] BIOS-e820: [mem 0x0000000000000000-0x000000000009fbff] usable
[    0.000000] BIOS-e820: [mem 0x000000000009fc00-0x000000000009ffff] reserved
[    0.000000] BIOS-e820: [mem 0x00000000000f0000-0x00000000000fffff] reserved
[    0.000000] BIOS-e820: [mem 0x0000000000100000-0x000000003ffeffff] usable
[    0.000000] BIOS-e820: [mem 0x000000003fff0000-0x000000003fffffff] ACPI data
[    0.000000] BIOS-e820: [mem 0x00000000fec00000-0x00000000fec00fff] reserved
[    0.000000] BIOS-e820: [mem 0x00000000fee00000-0x00000000fee00fff] reserved
[    0.000000] BIOS-e820: [mem 0x00000000fffc0000-0x00000000ffffffff] reserved
[    0.000000] NX (Execute Disable) protection: active
[    0.000000] SMBIOS 2.5 present.
[    0.000000] DMI: innotek GmbH VirtualBox/VirtualBox, BIOS VirtualBox 12/01/2006
[    0.000000] Hypervisor detected: KVM
[    0.000000] e820: last_pfn = 0x3fff0 max_arch_pfn = 0x400000000
[    0.000000] MTRR: Disabled
[    0.000000] x86/PAT: MTRRs disabled, skipping PAT initialization too.
[    0.000000] CPU MTRRs all blank - virtualized system.
[    0.000000] x86/PAT: Configuration [0-7]: WB  WT  UC- UC  WB  WT  UC- UC  
[    0.000000] found SMP MP-table at [mem 0x0009fff0-0x0009ffff]
[    0.000000] Scanning 1 areas for low memory corruption
[    0.000000] RAMDISK: [mem 0x35a67000-0x36d2afff]
[    0.000000] ACPI: Early table checksum verification disabled
[    0.000000] ACPI: RSDP 0x00000000000E0000 000024 (v02 VBOX  )
[    0.000000] ACPI: XSDT 0x000000003FFF0030 00003C (v01 VBOX   VBOXXSDT 00000001 ASL  00000061)
[    0.000000] ACPI: FACP 0x000000003FFF00F0 0000F4 (v04 VBOX   VBOXFACP 00000001 ASL  00000061)
[    0.000000] ACPI: DSDT 0x000000003FFF0470 002325 (v02 VBOX   VBOXBIOS 00000002 INTL 20100528)
[    0.000000] ACPI: FACS 0x000000003FFF0200 000040
[    0.000000] ACPI: FACS 0x000000003FFF0200 000040
[    0.000000] ACPI: APIC 0x000000003FFF0240 00005C (v02 VBOX   VBOXAPIC 00000001 ASL  00000061)
[    0.000000] ACPI: SSDT 0x000000003FFF02A0 0001CC (v01 VBOX   VBOXCPUT 00000002 INTL 20100528)
[    0.000000] No NUMA configuration found
[    0.000000] Faking a node at [mem 0x0000000000000000-0x000000003ffeffff]
[    0.000000] NODE_DATA(0) allocated [mem 0x3ffc5000-0x3ffeffff]
[    0.000000] kvm-clock: cpu 0, msr 0:3ff44001, primary cpu clock
[    0.000000] kvm-clock: Using msrs 4b564d01 and 4b564d00
[    0.000000] kvm-clock: using sched offset of 3997394409 cycles
[    0.000000] clocksource: kvm-clock: mask: 0xffffffffffffffff max_cycles: 0x1cd42e4dffb, max_idle_ns: 881590591483 ns
[    0.000000] Zone ranges:
[    0.000000]   DMA      [mem 0x0000000000001000-0x0000000000ffffff]
[    0.000000]   DMA32    [mem 0x0000000001000000-0x000000003ffeffff]
[    0.000000]   Normal   empty
[    0.000000]   Device   empty
[    0.000000] Movable zone start for each node
[    0.000000] Early memory node ranges
[    0.000000]   node   0: [mem 0x0000000000001000-0x000000000009efff]
[    0.000000]   node   0: [mem 0x0000000000100000-0x000000003ffeffff]
[    0.000000] Reserved but unavailable: 98 pages
[    0.000000] Initmem setup node 0 [mem 0x0000000000001000-0x000000003ffeffff]
[    0.000000] ACPI: PM-Timer IO Port: 0x4008
[    0.000000] IOAPIC[0]: apic_id 2, version 32, address 0xfec00000, GSI 0-23
[    0.000000] ACPI: INT_SRC_OVR (bus 0 bus_irq 0 global_irq 2 dfl dfl)
[    0.000000] ACPI: INT_SRC_OVR (bus 0 bus_irq 9 global_irq 9 low level)
[    0.000000] Using ACPI (MADT) for SMP configuration information
[    0.000000] smpboot: Allowing 2 CPUs, 0 hotplug CPUs
[    0.000000] PM: Registered nosave memory: [mem 0x00000000-0x00000fff]
[    0.000000] PM: Registered nosave memory: [mem 0x0009f000-0x0009ffff]
[    0.000000] PM: Registered nosave memory: [mem 0x000a0000-0x000effff]
[    0.000000] PM: Registered nosave memory: [mem 0x000f0000-0x000fffff]
[    0.000000] e820: [mem 0x40000000-0xfebfffff] available for PCI devices
[    0.000000] Booting paravirtualized kernel on KVM
[    0.000000] clocksource: refined-jiffies: mask: 0xffffffff max_cycles: 0xffffffff, max_idle_ns: 7645519600211568 ns
[    0.000000] random: get_random_bytes called from start_kernel+0x99/0x500 with crng_init=0
[    0.000000] setup_percpu: NR_CPUS:8192 nr_cpumask_bits:2 nr_cpu_ids:2 nr_node_ids:1
[    0.000000] percpu: Embedded 45 pages/cpu s147456 r8192 d28672 u1048576
[    0.000000] PV qspinlock hash table entries: 256 (order: 0, 4096 bytes)
[    0.000000] Built 1 zonelists, mobility grouping on.  Total pages: 257913
[    0.000000] Policy zone: DMA32
[    0.000000] Kernel command line: BOOT_IMAGE=/boot/vmlinuz-4.15.0-115-generic root=LABEL=cloudimg-rootfs ro console=tty1 console=ttyS0
[    0.000000] Memory: 983032K/1048120K available (12300K kernel code, 2481K rwdata, 4272K rodata, 2436K init, 2724K bss, 65088K reserved, 0K cma-reserved)
[    0.000000] SLUB: HWalign=64, Order=0-3, MinObjects=0, CPUs=2, Nodes=1
[    0.000000] ftrace: allocating 39392 entries in 154 pages
[    0.004000] Hierarchical RCU implementation.
[    0.004000] 	RCU restricting CPUs from NR_CPUS=8192 to nr_cpu_ids=2.
[    0.004000] 	Tasks RCU enabled.
[    0.004000] RCU: Adjusting geometry for rcu_fanout_leaf=16, nr_cpu_ids=2
[    0.004000] NR_IRQS: 524544, nr_irqs: 440, preallocated irqs: 16
[    0.004000] Console: colour VGA+ 80x25
[    0.004000] console [tty1] enabled
[    0.004000] console [ttyS0] enabled
[    0.004000] ACPI: Core revision 20170831
[    0.004000] ACPI: 2 ACPI AML tables successfully acquired and loaded
[    0.004000] APIC: Switch to symmetric I/O mode setup
[    0.004000] x2apic enabled
[    0.004000] Switched APIC routing to physical x2apic.
[    0.004000] ..TIMER: vector=0x30 apic1=0 pin1=2 apic2=-1 pin2=-1
[    0.004000] tsc: Detected 1796.625 MHz processor
[    0.004000] Calibrating delay loop (skipped) preset value.. 3593.25 BogoMIPS (lpj=7186500)
[    0.004000] pid_max: default: 32768 minimum: 301
[    0.004000] Security Framework initialized
[    0.004000] Yama: becoming mindful.
[    0.004000] AppArmor: AppArmor initialized
[    0.004000] Dentry cache hash table entries: 131072 (order: 8, 1048576 bytes)
[    0.004000] Inode-cache hash table entries: 65536 (order: 7, 524288 bytes)
[    0.004000] Mount-cache hash table entries: 2048 (order: 2, 16384 bytes)
[    0.004000] Mountpoint-cache hash table entries: 2048 (order: 2, 16384 bytes)
[    0.004000] Last level iTLB entries: 4KB 1024, 2MB 1024, 4MB 512
[    0.004000] Last level dTLB entries: 4KB 2048, 2MB 2048, 4MB 1024, 1GB 0
[    0.004000] Spectre V1 : Mitigation: usercopy/swapgs barriers and __user pointer sanitization
[    0.004000] Spectre V2 : Spectre mitigation: LFENCE not serializing, switching to generic retpoline
[    0.004000] Spectre V2 : Mitigation: Full generic retpoline
[    0.004000] Spectre V2 : Spectre v2 / SpectreRSB mitigation: Filling RSB on context switch
[    0.004000] Speculative Store Bypass: Mitigation: Speculative Store Bypass disabled via prctl and seccomp
[    0.004000] Freeing SMP alternatives memory: 36K
[    0.140005] APIC calibration not consistent with PM-Timer: 128ms instead of 100ms
[    0.140988] APIC delta adjusted to PM-Timer: 6371171 (8187224)
[    0.141758] smpboot: CPU0: AMD Ryzen 7 4800U with Radeon Graphics (family: 0x17, model: 0x60, stepping: 0x1)
[    0.143016] Performance Events: PMU not available due to virtualization, using software events only.
[    0.144000] Hierarchical SRCU implementation.
[    0.144000] NMI watchdog: Perf event create on CPU 0 failed with -2
[    0.144002] NMI watchdog: Perf NMI watchdog permanently disabled
[    0.144764] smp: Bringing up secondary CPUs ...
[    0.145378] x86: Booting SMP configuration:
[    0.145909] .... node  #0, CPUs:      #1
[    0.004000] kvm-clock: cpu 1, msr 0:3ff44041, secondary cpu clock
[    0.148014] smp: Brought up 1 node, 2 CPUs
[    0.148904] smpboot: Max logical packages: 1
[    0.149570] smpboot: Total of 2 processors activated (7186.50 BogoMIPS)
[    0.152046] devtmpfs: initialized
[    0.152480] x86/mm: Memory block size: 128MB
[    0.153146] evm: security.selinux
[    0.153577] evm: security.SMACK64
[    0.154012] evm: security.SMACK64EXEC
[    0.154478] evm: security.SMACK64TRANSMUTE
[    0.154996] evm: security.SMACK64MMAP
[    0.155462] evm: security.apparmor
[    0.155903] evm: security.ima
[    0.156000] evm: security.capability
[    0.156059] clocksource: jiffies: mask: 0xffffffff max_cycles: 0xffffffff, max_idle_ns: 7645041785100000 ns
[    0.157147] futex hash table entries: 512 (order: 3, 32768 bytes)
[    0.160047] pinctrl core: initialized pinctrl subsystem
[    0.160815] RTC time: 17:35:34, date: 09/04/20
[    0.164061] NET: Registered protocol family 16
[    0.164661] audit: initializing netlink subsys (disabled)
[    0.165312] audit: type=2000 audit(1599240940.177:1): state=initialized audit_enabled=0 res=1
[    0.165312] cpuidle: using governor ladder
[    0.165312] cpuidle: using governor menu
[    0.168042] ACPI: bus type PCI registered
[    0.168541] acpiphp: ACPI Hot Plug PCI Controller Driver version: 0.5
[    0.168541] PCI: Using configuration type 1 for base access
[    0.168730] PCI: Using configuration type 1 for extended access
[    0.172078] HugeTLB registered 2.00 MiB page size, pre-allocated 0 pages
[    0.173637] ACPI: Added _OSI(Module Device)
[    0.173637] ACPI: Added _OSI(Processor Device)
[    0.173637] ACPI: Added _OSI(3.0 _SCP Extensions)
[    0.174201] ACPI: Added _OSI(Processor Aggregator Device)
[    0.176002] ACPI: Added _OSI(Linux-Dell-Video)
[    0.176544] ACPI: Added _OSI(Linux-Lenovo-NV-HDMI-Audio)
[    0.177661] ACPI: Added _OSI(Linux-HPI-Hybrid-Graphics)
[    0.178489] ACPI: Executed 1 blocks of module-level executable AML code
[    0.181351] ACPI: Interpreter enabled
[    0.181851] ACPI: (supports S0 S5)
[    0.182365] ACPI: Using IOAPIC for interrupt routing
[    0.183611] PCI: Using host bridge windows from ACPI; if necessary, use "pci=nocrs" and report a bug
[    0.184109] ACPI: Enabled 2 GPEs in block 00 to 07
[    0.189195] ACPI: PCI Root Bridge [PCI0] (domain 0000 [bus 00-ff])
[    0.190043] acpi PNP0A03:00: _OSC: OS supports [ExtendedConfig ASPM ClockPM Segments MSI]
[    0.192020] acpi PNP0A03:00: _OSC: platform does not support [PCIeCapability]
[    0.193144] acpi PNP0A03:00: _OSC: not requesting control; platform does not support [PCIeCapability]
[    0.194210] acpi PNP0A03:00: _OSC: OS requested [PCIeHotplug PME AER PCIeCapability]
[    0.195140] acpi PNP0A03:00: _OSC: platform willing to grant [PCIeHotplug PME AER]
[    0.196002] acpi PNP0A03:00: _OSC failed (AE_SUPPORT); disabling ASPM
[    0.196982] PCI host bridge to bus 0000:00
[    0.198056] pci_bus 0000:00: root bus resource [io  0x0000-0x0cf7 window]
[    0.198843] pci_bus 0000:00: root bus resource [io  0x0d00-0xffff window]
[    0.200002] pci_bus 0000:00: root bus resource [mem 0x000a0000-0x000bffff window]
[    0.200896] pci_bus 0000:00: root bus resource [mem 0x40000000-0xfdffffff window]
[    0.201791] pci_bus 0000:00: root bus resource [bus 00-ff]
[    0.204761] pci 0000:00:01.1: legacy IDE quirk: reg 0x10: [io  0x01f0-0x01f7]
[    0.206112] pci 0000:00:01.1: legacy IDE quirk: reg 0x14: [io  0x03f6]
[    0.206889] pci 0000:00:01.1: legacy IDE quirk: reg 0x18: [io  0x0170-0x0177]
[    0.208001] pci 0000:00:01.1: legacy IDE quirk: reg 0x1c: [io  0x0376]
[    0.222511] pci 0000:00:07.0: quirk: [io  0x4000-0x403f] claimed by PIIX4 ACPI
[    0.224013] pci 0000:00:07.0: quirk: [io  0x4100-0x410f] claimed by PIIX4 SMB
[    0.230547] ACPI: PCI Interrupt Link [LNKA] (IRQs 5 9 10 *11)
[    0.232192] ACPI: PCI Interrupt Link [LNKB] (IRQs 5 9 *10 11)
[    0.232934] ACPI: PCI Interrupt Link [LNKC] (IRQs 5 *9 10 11)
[    0.233685] ACPI: PCI Interrupt Link [LNKD] (IRQs 5 9 10 *11)
[    0.236016] SCSI subsystem initialized
[    0.236055] pci 0000:00:02.0: vgaarb: setting as boot VGA device
[    0.236764] pci 0000:00:02.0: vgaarb: VGA device added: decodes=io+mem,owns=io+mem,locks=none
[    0.237768] pci 0000:00:02.0: vgaarb: bridge control possible
[    0.238491] vgaarb: loaded
[    0.238880] ACPI: bus type USB registered
[    0.240011] usbcore: registered new interface driver usbfs
[    0.242576] usbcore: registered new interface driver hub
[    0.244003] usbcore: registered new device driver usb
[    0.244060] EDAC MC: Ver: 3.0.0
[    0.244575] PCI: Using ACPI for IRQ routing
[    0.244777] NetLabel: Initializing
[    0.245227] NetLabel:  domain hash size = 128
[    0.246134] NetLabel:  protocols = UNLABELED CIPSOv4 CALIPSO
[    0.246824] NetLabel:  unlabeled traffic allowed by default
[    0.248099] clocksource: Switched to clocksource kvm-clock
[    0.326163] VFS: Disk quotas dquot_6.6.0
[    0.326870] VFS: Dquot-cache hash table entries: 512 (order 0, 4096 bytes)
[    0.328358] AppArmor: AppArmor Filesystem Enabled
[    0.328951] pnp: PnP ACPI init
[    0.330027] pnp: PnP ACPI: found 3 devices
[    0.339532] clocksource: acpi_pm: mask: 0xffffff max_cycles: 0xffffff, max_idle_ns: 2085701024 ns
[    0.341113] NET: Registered protocol family 2
[    0.341749] TCP established hash table entries: 8192 (order: 4, 65536 bytes)
[    0.342576] TCP bind hash table entries: 8192 (order: 5, 131072 bytes)
[    0.345055] TCP: Hash tables configured (established 8192 bind 8192)
[    0.368455] UDP hash table entries: 512 (order: 2, 16384 bytes)
[    0.369159] UDP-Lite hash table entries: 512 (order: 2, 16384 bytes)
[    0.369933] NET: Registered protocol family 1
[    0.370475] pci 0000:00:00.0: Limiting direct PCI/PCI transfers
[    0.371190] pci 0000:00:01.0: Activating ISA DMA hang workarounds
[    0.371950] pci 0000:00:02.0: Video device with shadowed ROM at [mem 0x000c0000-0x000dffff]
[    0.373054] Unpacking initramfs...
[    1.355300] Freeing initrd memory: 19216K
[    1.356374] clocksource: tsc: mask: 0xffffffffffffffff max_cycles: 0x19e5b5450ab, max_idle_ns: 440795235573 ns
[    1.357566] platform rtc_cmos: registered platform RTC device (no PNP device found)
[    1.358480] Scanning for low memory corruption every 60 seconds
[    1.359671] Initialise system trusted keyrings
[    1.360252] Key type blacklist registered
[    1.360818] workingset: timestamp_bits=36 max_order=18 bucket_order=0
[    1.362161] zbud: loaded
[    1.362897] squashfs: version 4.0 (2009/01/31) Phillip Lougher
[    1.363794] fuse init (API version 7.26)
[    1.368287] Key type asymmetric registered
[    1.369066] Asymmetric key parser 'x509' registered
[    1.370128] Block layer SCSI generic (bsg) driver version 0.4 loaded (major 246)
[    1.371192] io scheduler noop registered
[    1.372067] io scheduler deadline registered
[    1.372621] io scheduler cfq registered (default)
[    1.373433] ACPI: AC Adapter [AC] (on-line)
[    1.374364] input: Power Button as /devices/LNXSYSTM:00/LNXPWRBN:00/input/input0
[    1.375319] ACPI: Power Button [PWRF]
[    1.375828] input: Sleep Button as /devices/LNXSYSTM:00/LNXSLPBN:00/input/input1
[    1.377149] ACPI: Sleep Button [SLPF]
[    1.378693] ACPI: Battery Slot [BAT0] (battery present)
[    1.379431] Serial: 8250/16550 driver, 32 ports, IRQ sharing enabled
[    1.400633] 00:02: ttyS0 at I/O 0x3f8 (irq = 4, base_baud = 115200) is a 16550A
[    1.404989] Linux agpgart interface v0.103
[    1.407134] loop: module loaded
[    1.408140] scsi host0: ata_piix
[    1.408894] scsi host1: ata_piix
[    1.409348] ata1: PATA max UDMA/33 cmd 0x1f0 ctl 0x3f6 bmdma 0xd000 irq 14
[    1.410138] ata2: PATA max UDMA/33 cmd 0x170 ctl 0x376 bmdma 0xd008 irq 15
[    1.410991] libphy: Fixed MDIO Bus: probed
[    1.411508] tun: Universal TUN/TAP device driver, 1.6
[    1.412215] PPP generic driver version 2.4.2
[    1.413226] ehci_hcd: USB 2.0 'Enhanced' Host Controller (EHCI) Driver
[    1.413985] ehci-pci: EHCI PCI platform driver
[    1.414580] ehci-platform: EHCI generic platform driver
[    1.415618] ohci_hcd: USB 1.1 'Open' Host Controller (OHCI) Driver
[    1.416353] ohci-pci: OHCI PCI platform driver
[    1.416906] ohci-platform: OHCI generic platform driver
[    1.417536] uhci_hcd: USB Universal Host Controller Interface driver
[    1.418309] i8042: PNP: PS/2 Controller [PNP0303:PS2K,PNP0f03:PS2M] at 0x60,0x64 irq 1,12
[    1.419705] serio: i8042 KBD port at 0x60,0x64 irq 1
[    1.420342] serio: i8042 AUX port at 0x60,0x64 irq 12
[    1.421136] mousedev: PS/2 mouse device common for all mice
[    1.422069] input: AT Translated Set 2 keyboard as /devices/platform/i8042/serio0/input/input2
[    1.423472] rtc_cmos rtc_cmos: rtc core: registered rtc_cmos as rtc0
[    1.424746] rtc_cmos rtc_cmos: alarms up to one day, 114 bytes nvram
[    1.425494] i2c /dev entries driver
[    1.425990] device-mapper: uevent: version 1.0.3
[    1.426668] device-mapper: ioctl: 4.37.0-ioctl (2017-09-20) initialised: dm-devel@redhat.com
[    1.428629] ledtrig-cpu: registered to indicate activity on CPUs
[    1.429916] NET: Registered protocol family 10
[    1.434006] Segment Routing with IPv6
[    1.434514] NET: Registered protocol family 17
[    1.435502] Key type dns_resolver registered
[    1.436231] mce: Using 0 MCE banks
[    1.436807] RAS: Correctable Errors collector initialized.
[    1.437467] sched_clock: Marking stable (1436208542, 0)->(1700290871, -264082329)
[    1.438743] registered taskstats version 1
[    1.439255] Loading compiled-in X.509 certificates
[    1.441451] Loaded X.509 cert 'Build time autogenerated kernel key: 4655b2c914ed6b33eca2e2b4a955f269ad793254'
[    1.442647] zswap: loaded using pool lzo/zbud
[    1.445697] Key type big_key registered
[    1.446555] Key type trusted registered
[    1.448118] Key type encrypted registered
[    1.448648] AppArmor: AppArmor sha1 policy hashing enabled
[    1.449786] ima: No TPM chip found, activating TPM-bypass! (rc=-19)
[    1.450532] ima: Allocated hash algorithm: sha1
[    1.451112] evm: HMAC attrs: 0x1
[    1.451703]   Magic number: 4:152:592
[    1.452358] rtc_cmos rtc_cmos: setting system clock to 2020-09-04 17:35:35 UTC (1599240935)
[    1.454015] BIOS EDD facility v0.16 2004-Jun-25, 0 devices found
[    1.454729] EDD information not available.
[    1.744178] Freeing unused kernel image memory: 2436K
[    2.140330] Write protecting the kernel read-only data: 20480k
[    2.142707] Freeing unused kernel image memory: 2008K
[    2.144085] Freeing unused kernel image memory: 1872K
[    2.150384] x86/mm: Checked W+X mappings: passed, no W+X pages found.
Loading, please wait...
starting version 237
[    2.223611] Fusion MPT base driver 3.04.20
[    2.224617] Copyright (c) 1999-2008 LSI Corporation
[    2.225857] e1000: Intel(R) PRO/1000 Network Driver - version 7.3.21-k8-NAPI
[    2.226767] e1000: Copyright (c) 1999-2006 Intel Corporation.
[    2.230460] Fusion MPT SPI Host driver 3.04.20
[    2.245836] AVX2 version of gcm_enc/dec engaged.
[    2.246813] AES CTR mode by8 optimization enabled
[    2.440413] input: ImExPS/2 Generic Explorer Mouse as /devices/platform/i8042/serio1/input/input4
[    2.579677] e1000 0000:00:03.0 eth0: (PCI:33MHz:32-bit) 02:df:14:00:a4:ed
[    2.581145] e1000 0000:00:03.0 eth0: Intel(R) PRO/1000 Network Connection
[    2.583255] mptbase: ioc0: Initiating bringup
[    2.583311] e1000 0000:00:03.0 enp0s3: renamed from eth0
[    2.684868] ioc0: LSI53C1030 A0: Capabilities={Initiator}
[    2.927270] scsi host2: ioc0: LSI53C1030 A0, FwRev=00000000h, Ports=1, MaxQ=256, IRQ=20
[    3.449839] scsi 2:0:0:0: Direct-Access     VBOX     HARDDISK         1.0  PQ: 0 ANSI: 5
[    3.476033] scsi target2:0:0: Beginning Domain Validation
[    3.479129] scsi target2:0:0: Domain Validation skipping write tests
[    3.480033] scsi target2:0:0: Ending Domain Validation
[    3.480695] scsi target2:0:0: asynchronous
[    3.481608] scsi 2:0:1:0: Direct-Access     VBOX     HARDDISK         1.0  PQ: 0 ANSI: 5
[    3.797188] scsi target2:0:1: Beginning Domain Validation
[    3.800919] random: fast init done
[    3.802077] scsi target2:0:1: Domain Validation skipping write tests
[    3.803386] scsi target2:0:1: Ending Domain Validation
[    3.804541] scsi target2:0:1: asynchronous
[    3.809923] random: systemd-udevd: uninitialized urandom read (16 bytes read)
[    3.810182] sd 2:0:0:0: [sda] 20971520 512-byte logical blocks: (10.7 GB/10.0 GiB)
[    3.810784] random: systemd-udevd: uninitialized urandom read (16 bytes read)
[    3.811749] sd 2:0:0:0: [sda] Write Protect is off
[    3.812532] random: systemd-udevd: uninitialized urandom read (16 bytes read)
[    3.813903] sd 2:0:0:0: Attached scsi generic sg0 type 0
[    3.815196] sd 2:0:0:0: [sda] Incomplete mode parameter data
[    3.815511] sd 2:0:1:0: [sdb] 20480 512-byte logical blocks: (10.5 MB/10.0 MiB)
[    3.815866] sd 2:0:0:0: [sda] Assuming drive cache: write through
[    3.816785] sd 2:0:1:0: [sdb] Write Protect is off
[    3.818200] sd 2:0:1:0: Attached scsi generic sg1 type 0
[    3.819830] sd 2:0:1:0: [sdb] Incomplete mode parameter data
[    3.820531] sd 2:0:1:0: [sdb] Assuming drive cache: write through
[    3.828613]  sda: sda1
[    3.830624] sd 2:0:0:0: [sda] Attached SCSI disk
[    3.831952] sd 2:0:1:0: [sdb] Attached SCSI disk
Begin: Loading essential drivers ... [    5.209539] raid6: sse2x1   gen()  8885 MB/s
[    5.256460] raid6: sse2x1   xor()  8682 MB/s
[    5.305616] raid6: sse2x2   gen() 17910 MB/s
[    5.352199] raid6: sse2x2   xor() 11733 MB/s
[    5.400642] raid6: sse2x4   gen() 19031 MB/s
[    5.449957] raid6: sse2x4   xor()  6219 MB/s
[    5.497777] raid6: avx2x1   gen() 20851 MB/s
[    5.544696] raid6: avx2x1   xor() 16581 MB/s
[    5.592147] raid6: avx2x2   gen() 35463 MB/s
[    5.640019] raid6: avx2x2   xor() 22036 MB/s
[    5.689159] raid6: avx2x4   gen() 36955 MB/s
[    5.736567] raid6: avx2x4   xor()  8883 MB/s
[    5.737155] raid6: using algorithm avx2x4 gen() 36955 MB/s
[    5.737835] raid6: .... xor() 8883 MB/s, rmw enabled
[    5.738432] raid6: using avx2x2 recovery algorithm
[    5.739849] xor: automatically using best checksumming function   avx       
[    5.741431] async_tx: api initialized (async)
done.
Begin: Running /scripts/init-premount ... done.
Begin: Mounting root file system ... Begin: Running /scripts/local-top ... done.
Begin: Running /scripts/local-premount ... [    5.771239] Btrfs loaded, crc32c=crc32c-intel
Scanning for Btrfs filesystems
done.
Warning: fsck not present, so skipping root file system
[    5.790563] EXT4-fs (sda1): mounted filesystem with ordered data mode. Opts: (null)
done.
Begin: Running /scripts/local-bottom ... done.
Begin: Running /scripts/init-bottom ... done.
[    5.906716] ip_tables: (C) 2000-2006 Netfilter Core Team
[    5.913251] systemd[1]: systemd 237 running in system mode. (+PAM +AUDIT +SELINUX +IMA +APPARMOR +SMACK +SYSVINIT +UTMP +LIBCRYPTSETUP +GCRYPT +GNUTLS +ACL +XZ +LZ4 +SECCOMP +BLKID +ELFUTILS +KMOD -IDN2 +IDN -PCRE2 default-hierarchy=hybrid)
[    5.915652] systemd[1]: Detected virtualization oracle.
[    5.916284] systemd[1]: Detected architecture x86-64.

Welcome to [1mUbuntu 18.04.5 LTS[0m!

[    5.933368] systemd[1]: Set hostname to <ubuntu-bionic>.
[    6.160766] systemd[1]: Started Forward Password Requests to Wall Directory Watch.
[[0;32m  OK  [0m] Started Forward Password Requests to Wall Directory Watch.
[    6.174837] systemd[1]: Created slice System Slice.
[[0;32m  OK  [0m] Created slice System Slice.
[    6.185611] systemd[1]: Created slice system-serial\x2dgetty.slice.
[[0;32m  OK  [0m] Created slice system-serial\x2dgetty.slice.
[    6.331989] systemd[1]: Listening on Syslog Socket.
[[0;32m  OK  [0m] Listening on Syslog Socket.
[    6.334611] systemd[1]: Listening on /dev/initctl Compatibility Named Pipe.
[[0;32m  OK  [0m] Listening on /dev/initctl Compatibility Named Pipe.
[    6.337415] systemd[1]: Listening on Journal Audit Socket.
[[0;32m  OK  [0m] Listening on Journal Audit Socket.
[[0;32m  OK  [0m] Reached target Swap.
[[0;32m  OK  [0m] Created slice User and Session Slice.
[[0;32m  OK  [0m] Listening on LVM2 metadata daemon socket.
[[0;32m  OK  [0m] Listening on Device-mapper event daemon FIFOs.
[[0;32m  OK  [0m] Listening on Journal Socket (/dev/log).
[[0;32m  OK  [0m] Set up automount Arbitrary Executabâ€¦rmats File System Automount Point.
[[0;32m  OK  [0m] Reached target User and Group Name Lookups.
[[0;32m  OK  [0m] Listening on LVM2 poll daemon socket.
[[0;32m  OK  [0m] Listening on Network Service Netlink Socket.
[[0;32m  OK  [0m] Reached target Slices.
[[0;32m  OK  [0m] Listening on udev Kernel Socket.
[[0;32m  OK  [0m] Listening on Journal Socket.
         Mounting POSIX Message Queue File System...
         Mounting Huge Pages File System...
         Starting Set the console keyboard layout...
         Starting Create list of required stâ€¦ce nodes for the current kernel...
         Starting Load Kernel Modules...
         Starting Journal Service...
         Starting Uncomplicated firewall...
         Starting Remount Root and Kernel File Systems...
         Starting Monitoring of LVM2 mirrorsâ€¦ng dmeventd or progress polling...
[    6.448186] Loading iSCSI transport class v2.0-870.
[[0;32m  OK  [0m] Reached target System Time Synchronized.
         Mounting Kernel Debug File System...
[[0;32m  OK  [0m] Listening on udev Control Socket.
         Starting udev Coldplug all Devices...
[[0;32m  OK  [0m] Mounted POSIX Message Queue File System.
[[0;32m  OK  [0m] Mounted Huge Pages File System.
[[0;32m  OK  [0m] Started Create list of required staâ€¦vice nodes for the current kernel.
[[0;32m  OK  [0m] Mounted Kernel Debug File System.
         Starting Create Static Device Nodes in /dev...
[    6.458079] iscsi: registered transport (tcp)
[[0;32m  OK  [0m] Started Journal Service.
[[0;32m  OK  [0m] Started udev Coldplug all Devices.
[[0;32m  OK  [0m] Started Uncomplicated firewall.
[[0;32m  OK  [0m] Started Create Static Device Nodes in /dev.
[    6.558956] EXT4-fs (sda1): re-mounted. Opts: (null)
[[0;32m  OK  [0m] Started Remount Root and Kernel File Systems.
         Starting Load/Save Random Seed...
         Starting Flush Journal to Persistent Storage...
         Starting udev Kernel Device Manager...
[[0;32m  OK  [0m] Started LVM2 metadata daemon.
[    6.623349] iscsi: registered transport (iser)
[[0;32m  OK  [0m] Started Load Kernel Modules.
         Mounting Kernel Configuration File System...
         Starting Apply Kernel Variables...
         Mounting FUSE Control File System...
[[0;32m  OK  [0m] Mounted Kernel Configuration File System.
[[0;32m  OK  [0m] Started Load/Save Random Seed.
[[0;32m  OK  [0m] Mounted FUSE Control File System.
[    6.654026] systemd-journald[406]: Received request to flush runtime journal from PID 1
[[0;32m  OK  [0m] Started Apply Kernel Variables.
[[0;32m  OK  [0m] Started udev Kernel Device Manager.
[[0;32m  OK  [0m] Started Monitoring of LVM2 mirrors,â€¦sing dmeventd or progress polling.
[[0;32m  OK  [0m] Started Flush Journal to Persistent Storage.
[[0;32m  OK  [0m] Found device /dev/ttyS0.
[[0;32m  OK  [0m] Listening on Load/Save RF Kill Switch Status /dev/rfkill Watch.
[[0;32m  OK  [0m] Started Set the console keyboard layout.
[[0;32m  OK  [0m] Started Dispatch Password Requests to Console Directory Watch.
[[0;32m  OK  [0m] Reached target Local Encrypted Volumes.
[[0;32m  OK  [0m] Reached target Local File Systems (Pre).
         Mounting /vagrant...
[[0;32m  OK  [0m] Reached target Local File Systems.
         Starting Set console font and keymap...
         Starting ebtables ruleset management...
         Starting Create Volatile Files and Directories...
         Starting Tell Plymouth To Write Out Runtime Data...
         Starting AppArmor initialization...
[[0;32m  OK  [0m] Started Set console font and keymap.
[[0;32m  OK  [0m] Started Tell Plymouth To Write Out Runtime Data.
[[0;32m  OK  [0m] Started Create Volatile Files and Directories.
[[0;32m  OK  [0m] Mounted /vagrant.
         Starting Update UTMP about System Boot/Shutdown...
[[0;32m  OK  [0m] Started Update UTMP about System Boot/Shutdown.
[[0;32m  OK  [0m] Started ebtables ruleset management.
[[0;32m  OK  [0m] Started AppArmor initialization.
         Starting Load AppArmor profiles managed internally by snapd...
         Starting Initial cloud-init job (pre-networking)...
[[0;32m  OK  [0m] Started Load AppArmor profiles managed internally by snapd.
[    9.190258] cloud-init[706]: Cloud-init v. 20.2-45-g5f7825e2-0ubuntu1~18.04.1 running 'init-local' at Fri, 04 Sep 2020 17:35:43 +0000. Up 8.97 seconds.
[[0;32m  OK  [0m] Started Initial cloud-init job (pre-networking).
[[0;32m  OK  [0m] Reached target Network (Pre).
         Starting Network Service...
[[0;32m  OK  [0m] Started Network Service.
         Starting Wait for Network to be Configured...
         Starting Network Name Resolution...
[[0;32m  OK  [0m] Started Network Name Resolution.
[[0;32m  OK  [0m] Reached target Network.
[[0;32m  OK  [0m] Reached target Host and Network Name Lookups.
[[0;32m  OK  [0m] Started Wait for Network to be Configured.
         Starting Initial cloud-init job (metadata service crawler)...
[   11.411902] cloud-init[850]: Cloud-init v. 20.2-45-g5f7825e2-0ubuntu1~18.04.1 running 'init' at Fri, 04 Sep 2020 17:35:45 +0000. Up 11.26 seconds.
[   11.413002] cloud-init[850]: ci-info: ++++++++++++++++++++++++++++++++++++++Net device info++++++++++++++++++++++++++++++++++++++
[   11.424238] cloud-init[850]: ci-info: +--------+------+----------------------------+---------------+--------+-------------------+
[   11.424952] cloud-init[850]: ci-info: | Device |  Up  |          Address           |      Mask     | Scope  |     Hw-Address    |
[   11.425951] cloud-init[850]: ci-info: +--------+------+----------------------------+---------------+--------+-------------------+
[   11.426420] cloud-init[850]: ci-info: | enp0s3 | True |         10.0.2.15          | 255.255.255.0 | global | 02:df:14:00:a4:ed |
[   11.426895] cloud-init[850]: ci-info: | enp0s3 | True | fe80::df:14ff:fe00:a4ed/64 |       .       |  link  | 02:df:14:00:a4:ed |
[   11.427362] cloud-init[850]: ci-info: |   lo   | True |         127.0.0.1          |   255.0.0.0   |  host  |         .         |
[   11.436690] cloud-init[850]: ci-info: |   lo   | True |          ::1/128           |       .       |  host  |         .         |
[   11.437303] cloud-init[850]: ci-info: +--------+------+----------------------------+---------------+--------+-------------------+
[   11.448362] cloud-init[850]: ci-info: ++++++++++++++++++++++++++++Route IPv4 info+++++++++++++++++++++++++++++
[   11.448831] cloud-init[850]: ci-info: +-------+-------------+----------+-----------------+-----------+-------+
[   11.449351] cloud-init[850]: ci-info: | Route | Destination | Gateway  |     Genmask     | Interface | Flags |
[   11.449821] cloud-init[850]: ci-info: +-------+-------------+----------+-----------------+-----------+-------+
[   11.501668] cloud-init[850]: ci-info: |   0   |   0.0.0.0   | 10.0.2.2 |     0.0.0.0     |   enp0s3  |   UG  |
[   11.512781] cloud-init[850]: ci-info: |   1   |   10.0.2.0  | 0.0.0.0  |  255.255.255.0  |   enp0s3  |   U   |
[   11.513257] cloud-init[850]: ci-info: |   2   |   10.0.2.2  | 0.0.0.0  | 255.255.255.255 |   enp0s3  |   UH  |
[   11.513799] cloud-init[850]: ci-info: +-------+-------------+----------+-----------------+-----------+-------+
[   11.514448] cloud-init[850]: ci-info: +++++++++++++++++++Route IPv6 info+++++++++++++++++++
[   11.514937] cloud-init[850]: ci-info: +-------+-------------+---------+-----------+-------+
[   11.515403] cloud-init[850]: ci-info: | Route | Destination | Gateway | Interface | Flags |
[   11.515879] cloud-init[850]: ci-info: +-------+-------------+---------+-----------+-------+
[   11.516400] cloud-init[850]: ci-info: |   1   |  fe80::/64  |    ::   |   enp0s3  |   U   |
[   11.560953] cloud-init[850]: ci-info: |   3   |    local    |    ::   |   enp0s3  |   U   |
[   11.561573] cloud-init[850]: ci-info: |   4   |   ff00::/8  |    ::   |   enp0s3  |   U   |
[   11.572381] cloud-init[850]: ci-info: +-------+-------------+---------+-----------+-------+
[[0;32m  OK  [0m] Started Initial cloud-init job (metadata service crawler).
[[0;32m  OK  [0m] Reached target Network is Online.
[[0;32m  OK  [0m] Reached target Remote File Systems (Pre).
[[0;32m  OK  [0m] Reached target Remote File Systems.
         Starting Availability of block devices...
[[0;32m  OK  [0m] Reached target System Initialization.
[[0;32m  OK  [0m] Started Discard unused blocks once a week.
[[0;32m  OK  [0m] Listening on D-Bus System Message Bus Socket.
         Starting LXD - unix socket.
[[0;32m  OK  [0m] Started ACPI Events Check.
         Starting Docker Socket for the API.
[[0;32m  OK  [0m] Started Daily apt download activities.
[[0;32m  OK  [0m] Reached target Paths.
         Starting Socket activation for snappy daemon.
[[0;32m  OK  [0m] Listening on Open-iSCSI iscsid Socket.
[[0;32m  OK  [0m] Started Message of the Day.
[[0;32m  OK  [0m] Listening on ACPID Listen Socket.
[[0;32m  OK  [0m] Started Daily apt upgrade and clean activities.
[[0;32m  OK  [0m] Started Daily Cleanup of Temporary Directories.
[[0;32m  OK  [0m] Reached target Timers.
[[0;32m  OK  [0m] Listening on UUID daemon activation socket.
[[0;32m  OK  [0m] Reached target Cloud-config availability.
[[0;32m  OK  [0m] Started Availability of block devices.
[[0;32m  OK  [0m] Listening on LXD - unix socket.
[[0;32m  OK  [0m] Listening on Docker Socket for the API.
[[0;32m  OK  [0m] Listening on Socket activation for snappy daemon.
[[0;32m  OK  [0m] Reached target Sockets.
[[0;32m  OK  [0m] Reached target Basic System.
         Starting LSB: automatic crash report generation...
         Starting Permit User Sessions...
         Starting Login Service...
         Starting Dispatcher daemon for systemd-networkd...
[[0;32m  OK  [0m] Started FUSE filesystem for LXC.
         Starting containerd container runtime...
         Starting System Logging Service...
         Starting Pollinate to seed the pseudo random number generator...
[[0;32m  OK  [0m] Started D-Bus System Message Bus.
[[0;32m  OK  [0m] Started Login Service.
         Starting Snap Daemon...
         Starting Virtualbox guest utils...
[[0;32m  OK  [0m] Started Unattended Upgrades Shutdown.
[[0;32m  OK  [0m] Started irqbalance daemon.
[[0;32m  OK  [0m] Started Regular background program processing daemon.
         Starting LXD - container startup/shutdown...
[[0;32m  OK  [0m] Started Deferred execution scheduler.
         Starting LSB: Record successful boot for GRUB...
         Starting Accounts Service...
[[0;32m  OK  [0m] Started System Logging Service.
[[0;32m  OK  [0m] Started Permit User Sessions.
[[0;32m  OK  [0m] Started containerd container runtime.
         Starting Docker Application Container Engine...
         Starting Hold until boot process finishes up...
         Starting Terminate Plymouth Boot Screen...
[[0;32m  OK  [0m] Started Hold until boot process finishes up.
[[0;32m  OK  [0m] Started Serial Getty on ttyS0.
         Starting Set console scheme...
[[0;32m  OK  [0m] Started Dispatcher daemon for systemd-networkd.
[[0;32m  OK  [0m] Started Terminate Plymouth Boot Screen.
[[0;32m  OK  [0m] Started Set console scheme.
[[0;32m  OK  [0m] Created slice system-getty.slice.
[[0;32m  OK  [0m] Started Getty on tty1.
[[0;32m  OK  [0m] Reached target Login Prompts.
[[0;32m  OK  [0m] Started LSB: automatic crash report generation.
[[0;32m  OK  [0m] Started Virtualbox guest utils.
         Starting Authorization Manager...
[[0;32m  OK  [0m] Started LSB: Record successful boot for GRUB.
[[0;32m  OK  [0m] Started Authorization Manager.
[[0;32m  OK  [0m] Started Accounts Service.
[[0;32m  OK  [0m] Started LXD - container startup/shutdown.
[[0;32m  OK  [0m] Started Pollinate to seed the pseudo random number generator.
         Starting OpenBSD Secure Shell server...

Ubuntu 18.04.5 LTS ubuntu-bionic ttyS0

ubuntu-bionic login: [   21.041211] cloud-init[1421]: Cloud-init v. 20.2-45-g5f7825e2-0ubuntu1~18.04.1 running 'modules:config' at Fri, 04 Sep 2020 17:35:54 +0000. Up 20.73 seconds.
[   22.687053] cloud-init[1763]: Cloud-init v. 20.2-45-g5f7825e2-0ubuntu1~18.04.1 running 'modules:final' at Fri, 04 Sep 2020 17:35:56 +0000. Up 22.58 seconds.
[   22.687760] cloud-init[1763]: Cloud-init v. 20.2-45-g5f7825e2-0ubuntu1~18.04.1 finished at Fri, 04 Sep 2020 17:35:56 +0000. Datasource DataSourceNoCloud [seed=/dev/sdb][dsmode=net].  Up 22.67 seconds
